
=== 0. Clean clone of spims-edu main + the three patches applied via git am ===
  88b41e4 feat(authz): enforce resource scope so the 'own' permission level means something
  91fbe5b fix(assignments): stop resubmissions destroying the previous attempt
  9430b33 fix(notifications): honour the notify_email preference

=== 1. Revert ONLY the changed source files to upstream; keep new tests and schema ===
reverted 4 files

=== 2. New tests FAIL against the code as it ships today ===
⨯ resubmission archives the previous attempt instead of overwriting i… 0.12s  
⨯ resubmission clears the stale grade and preserves it on the archive… 0.04s  
⨯ resubmission is refused when the assignment disallows it             0.04s  
⨯ first submission creates a single attempt with no history            0.03s  
⨯ opting out of email suppresses the mail channel but not the in app…  0.03s  
⨯ an instructor cannot act on an offering they do not staff            0.03s  
⨯ a scoped action with no resource fails closed                        0.03s  
⨯ a ta is scoped the same way and still cannot lock grades             0.03s  
⨯ admin routes are scoped not merely role gated                        0.04s  
Failed asserting that 1 is identical to 2.
Failed asserting that 88.0 is null.
Failed asserting that two strings are identical.
Failed asserting that null is identical to 1.
Failed asserting that true is false.
Expected [gradebook.addComponent] to be denied across offerings, but it was allowed.
➜  64▕             $this->fail("Expected [$label] to be denied across offerings, but it was allowed.");
Failed asserting that exception of type "App\Exceptions\AuthorizationException" is thrown.
Expected [ta.addComponent cross-offering] to be denied across offerings, but it was allowed.
➜  64▕             $this->fail("Expected [$label] to be denied across offerings, but it was allowed.");
Failed asserting that 302 is identical to 403.
Tests:    9 failed, 6 passed (22 assertions)

=== 3. Restore the fixes ===
restored

=== 4. The same tests PASS ===
Tests:    15 passed (51 assertions)

=== 5. Full suite — no regressions ===
Tests:    139 passed (608 assertions)
Duration: 5.52s

=== 6. Style on changed files only ===
  ──────────────────────────────────────────────────────────────────── Laravel  
    PASS   ........................................................... 9 files  


=== 7. PostgreSQL 16 — CI's second job ===
29 steps completed
2026_09_05_000001_add_assignment_submission_versioning ............ 6ms DONE
2026_09_05_000001_add_assignment_submission_versioning ........... 17ms DONE

=== done ===
